2026-03-04 14:15:19,200 - INFO - Existing file hashed: E:/Prap/BARPATI VIJAY KUMAR\VIJAY KUMAR - CMA DATA (1).pdf - Hash: 757c5cf5c0c71f10d6701331145649c70f2f7df24737dc1a661e118bbb23cc35
2026-03-04 14:15:19,214 - INFO - Existing file hashed: E:/Prap/BARPATI VIJAY KUMAR\VIJAY KUMAR - CMA DATA FRONT PAGE.docx - Hash: a26be6ef3b172e889d298cc68e5deaff8689a2fb81155ff9c7267a00b82ce66a
2026-03-04 14:15:19,216 - INFO - Existing file hashed: E:/Prap/BARPATI VIJAY KUMAR\VIJAY KUMAR - CMA DATA.docx - Hash: 2991096070fe7c93ab98be79c27ff0fb6089cf690b29c3d0b8a160e1dd6b1703
2026-03-04 14:15:19,228 - INFO - Existing file hashed: E:/Prap/BARPATI VIJAY KUMAR\VIJAY KUMAR - Due deligence.docx - Hash: 3aca2914458ac0b07c6218b6e6981569ba5adb224de2ac39ab27d561af26715d
2026-03-04 14:15:19,242 - INFO - Existing file hashed: E:/Prap/BARPATI VIJAY KUMAR\VIJAY KUMAR - PROCESSNOTE.docx - Hash: d071b3667a015b9ce9840494f602bce2f06a86fdbc8af695a593a658a0e9f590
2026-03-04 14:15:19,254 - INFO - Existing file hashed: E:/Prap/BARPATI VIJAY KUMAR\VIJAY KUMAR - RENTAL AGREEMENT.doc - Hash: 0225eda4e8f71b8df74d4b5945174f3e8f584eb2b4be9ffebdf149995b1f632c
2026-03-04 14:15:19,267 - INFO - Existing file hashed: E:/Prap/BARPATI VIJAY KUMAR\VIJAY KUMAR - SANCTION LETTER.docx - Hash: 5a4d3ca6945a42b448e2697d5ce19c713cabf4c620b513c6c84cd8edcdc6d32b
2026-03-04 14:15:19,283 - INFO - Existing file hashed: E:/Prap/BARPATI VIJAY KUMAR\VIJAY KUMAR- credit report.docx - Hash: 6c86b45fd708e798d9cf49ac07e9ea0dbebe367f5bc591d40f4686190835dcb4
2026-03-04 14:15:19,298 - INFO - Existing file hashed: E:/Prap/BARPATI VIJAY KUMAR\VIJAY KUMAR- MUDRA APPLICATION.docx - Hash: 7e2e458b599080ea5a6c5d9857b9d1e436db8967426718d7a07b476e43655748
2026-03-04 14:15:19,309 - INFO - Existing file hashed: E:/Prap/BARPATI VIJAY KUMAR\VIJAY KUMARE - PRE SANCTION VISIT REPORT.docx - Hash: 511692b136cc0da53054a1d176b234855d581352ede3c180c6ff6c8bf059603f
2026-03-04 14:15:19,313 - INFO - Monitoring folder: E:/Prap/BARPATI VIJAY KUMAR (recursive=True)
2026-03-04 14:15:54,318 - INFO - Duplicate file detected: E:/Prap/BARPATI VIJAY KUMAR\skjdfbajdhge.docx
2026-03-04 14:15:54,319 - INFO - Existing file: E:/Prap/BARPATI VIJAY KUMAR\VIJAY KUMAR - CMA DATA FRONT PAGE.docx
2026-03-04 14:16:28,455 - INFO - Duplicate file detected: E:/Prap/BARPATI VIJAY KUMAR\skjdfbajdhge.docx
2026-03-04 14:16:28,456 - INFO - Existing file: E:/Prap/BARPATI VIJAY KUMAR\VIJAY KUMAR - CMA DATA FRONT PAGE.docx
2026-03-04 14:16:37,779 - INFO - Not copying file: E:/Prap/BARPATI VIJAY KUMAR\skjdfbajdhge.docx
2026-03-04 14:16:49,804 - INFO - Duplicate file detected: E:/Prap/BARPATI VIJAY KUMAR\skjdfbajdhge.docx
2026-03-04 14:16:49,805 - INFO - Existing file: E:/Prap/BARPATI VIJAY KUMAR\VIJAY KUMAR - CMA DATA FRONT PAGE.docx
2026-03-04 14:16:55,447 - INFO - Not copying file: E:/Prap/BARPATI VIJAY KUMAR\skjdfbajdhge.docx
2026-03-04 14:16:56,451 - ERROR - File not found for hashing: E:/Prap/BARPATI VIJAY KUMAR\skjdfbajdhge.docx
